Phase 1: discovery (index pages) ...
  index /docs/: +9 (seed=10)
  index /docs: +9 (seed=11)
  index /docs/api: +2139 (seed=2149)
  index /docs/api_categories: +2139 (seed=2149)
  index /docs/api_types: +19 (seed=2157)
  index /docs/api_flags: +1 (seed=2157)
  index /docs/events: +606 (seed=2761)
  index /docs/cvars: +463 (seed=3223)
  index /docs/widgets: +620 (seed=3841)
  index /docs/widgets_hierarchy: +38 (seed=3841)
  index /docs/secure_template: +7 (seed=3847)
  index /docs/scripts: +93 (seed=3910)
discovered seed: 3910 pages (incl. widget pages to expand)
Phase 2: downloading (dynamic frontier, 2 workers) ...
[100 done|3810 left|0 methods|0 miss] (7816.0/s, 0.0m)
[200 done|3710 left|0 methods|2 miss] (108.4/s, 0.0m)
[300 done|3610 left|0 methods|4 miss] (66.6/s, 0.1m)
[400 done|3510 left|0 methods|7 miss] (11.0/s, 0.6m)
[500 done|3410 left|0 methods|9 miss] (9.5/s, 0.9m)
[600 done|3310 left|0 methods|14 miss] (10.6/s, 0.9m)
[700 done|3210 left|0 methods|18 miss] (9.1/s, 1.3m)
[800 done|3110 left|0 methods|22 miss] (7.3/s, 1.8m)
[900 done|3010 left|0 methods|25 miss] (7.0/s, 2.1m)
[1000 done|2910 left|0 methods|30 miss] (5.8/s, 2.8m)
[1100 done|2810 left|0 methods|34 miss] (5.4/s, 3.4m)
[1200 done|2710 left|0 methods|41 miss] (4.9/s, 4.1m)
[1300 done|2610 left|0 methods|45 miss] (5.1/s, 4.2m)
[1400 done|2510 left|0 methods|48 miss] (4.9/s, 4.8m)
[1500 done|2410 left|0 methods|49 miss] (5.2/s, 4.8m)
[1600 done|2310 left|0 methods|52 miss] (5.1/s, 5.3m)
[1700 done|2210 left|0 methods|58 miss] (4.7/s, 6.0m)
[1800 done|2110 left|0 methods|61 miss] (4.7/s, 6.4m)
[1900 done|2010 left|0 methods|63 miss] (4.8/s, 6.6m)
[2000 done|1910 left|0 methods|65 miss] (3.4/s, 9.7m)
[2100 done|1810 left|0 methods|66 miss] (3.6/s, 9.8m)
[2200 done|1710 left|0 methods|74 miss] (3.6/s, 10.1m)
[2300 done|1610 left|0 methods|80 miss] (3.5/s, 10.8m)
[2400 done|1510 left|0 methods|88 miss] (3.4/s, 11.7m)
[2500 done|1410 left|0 methods|98 miss] (3.3/s, 12.5m)
[2600 done|1310 left|0 methods|109 miss] (3.1/s, 14.1m)
[2700 done|1210 left|0 methods|113 miss] (3.1/s, 14.6m)
[2800 done|1110 left|0 methods|117 miss] (3.1/s, 15.2m)
[2900 done|1010 left|0 methods|120 miss] (3.1/s, 15.6m)
[3000 done|910 left|0 methods|121 miss] (3.2/s, 15.8m)
[3100 done|810 left|0 methods|121 miss] (3.3/s, 15.8m)
[3200 done|710 left|0 methods|134 miss] (3.2/s, 16.8m)
[3300 done|610 left|0 methods|134 miss] (2.8/s, 20.0m)
[3400 done|510 left|0 methods|140 miss] (2.7/s, 20.8m)
[3500 done|435 left|25 methods|145 miss] (2.7/s, 21.8m)
[3600 done|335 left|25 methods|146 miss] (2.8/s, 21.8m)
[3700 done|235 left|25 methods|148 miss] (2.8/s, 22.0m)
[3800 done|135 left|25 methods|153 miss] (2.8/s, 23.0m)
[3900 done|35 left|25 methods|157 miss] (2.7/s, 23.9m)
DONE: 3935 processed, 3739 skipped(existing), 157 missing, 25 widget methods added; total unique=3935 in 24.1m
